// Jest Snapshot v1, https://goo.gl/fbAQLP

exports[`Popular component testing 1`] = `
<div>
  <div>
    <div
      className="carousel slide carousel-fade"
      onKeyDown={[Function]}
      onMouseOut={[Function]}
      onMouseOver={[Function]}
      onTouchEnd={[Function]}
      onTouchMove={[Function]}
      onTouchStart={[Function]}
    >
      <div
        className="carousel-indicators"
      >
        <button
          aria-current={true}
          aria-label="Slide 1"
          className="active"
          data-bs-target=""
          onClick={[Function]}
          type="button"
        />
        <button
          aria-current={false}
          aria-label="Slide 2"
          data-bs-target=""
          onClick={[Function]}
          type="button"
        />
        <button
          aria-current={false}
          aria-label="Slide 3"
          data-bs-target=""
          onClick={[Function]}
          type="button"
        />
      </div>
      <div
        className="carousel-inner"
      >
        <div
          className="active carousel-item"
        >
          <img
            alt="stock"
            className="d-block w-100"
            src="tether.jpg"
            style={
              Object {
                "height": "100vh",
              }
            }
          />
          <div
            className="carousel-caption"
          >
            <h3>
              Check popular stocks of varios companies ðŸ’¯
            </h3>
            <p>
              We provide accurate stocks of various companies all over the world.
            </p>
          </div>
        </div>
        <div
          className="carousel-item"
        >
          <img
            alt="stock2"
            className="d-block w-100"
            src="main.jpg"
            style={
              Object {
                "height": "100vh",
              }
            }
          />
          <div
            className="carousel-caption"
          >
            <h3>
              Check Gainers and losers ðŸ˜‡
            </h3>
            <p>
              Avoid losses by checking out the gainers and losers of the day.
            </p>
          </div>
        </div>
        <div
          className="carousel-item"
        >
          <img
            alt="stock4"
            className="d-block w-100"
            src="coin.jpg"
            style={
              Object {
                "height": "100vh",
              }
            }
          />
          <div
            className="carousel-caption"
          >
            <h3>
              Get accurate data of all stocksðŸ‘Œ
            </h3>
            <p>
              We provide all stocks data
            </p>
          </div>
        </div>
      </div>
      <a
        className="carousel-control-prev"
        href="#"
        onClick={[Function]}
        onKeyDown={[Function]}
        role="button"
        tabIndex={0}
      >
        <span
          aria-hidden="true"
          className="carousel-control-prev-icon"
        />
        <span
          className="visually-hidden"
        >
          Previous
        </span>
      </a>
      <a
        className="carousel-control-next"
        href="#"
        onClick={[Function]}
        onKeyDown={[Function]}
        role="button"
        tabIndex={0}
      >
        <span
          aria-hidden="true"
          className="carousel-control-next-icon"
        />
        <span
          className="visually-hidden"
        >
          Next
        </span>
      </a>
    </div>
  </div>
  <div
    className="popular-div"
  />
</div>
`;
